// Jest Snapshot v1, https://goo.gl/fbAQLP

exports[`BookList.vue matches snapshot 1`] = `
"<div>
  <ul></ul>
</div>"
`;
